I'm sorry, but errors were detected in your script. Please correct the
errors listed below, and try again.


File "game/SCRIPT/characters.rpy", line 16: invalid syntax
            self:def_flag =False
                 ^
    

Ren'Py Version: Ren'Py 7.4.0.1167
Sat Jan 23 00:24:02 2021
